// Jest Snapshot v1, https://goo.gl/fbAQLP

exports[`<ExampleScreen /> Container tests should render and match the snapshot 1`] = `
<View
  style={
    Array [
      Object {
        "display": "flex",
        "flexBasis": 0,
        "flexGrow": 1,
        "flexShrink": 1,
      },
      Object {
        "alignItems": "center",
        "flexBasis": 0,
        "flexGrow": 1,
        "flexShrink": 1,
        "marginBottom": 30,
        "marginLeft": 30,
        "marginRight": 30,
        "marginTop": 30,
      },
    ]
  }
  testID="container"
>
  <ActivityIndicator
    animating={true}
    color="#999999"
    hidesWhenStopped={true}
    size="small"
    testId="loader"
  />
</View>
`;
